{
  "RFC 9594: Key Provisioning for Group Communication Using Authentication and Authorization for Constrained Environments (ACE)" => "https://www.rfc-editor.org/rfc/rfc9594.txt",
                                                         "RFC 9616: Delay-Based Metric Extension for the Babel Routing Protocol" => "https://www.rfc-editor.org/rfc/rfc9616.txt",
                                                "RFC 9620: Guidelines for Human Rights Protocol and Architecture Considerations" => "https://www.rfc-editor.org/rfc/rfc9620.txt",
                  "RFC 9569: The Application-Layer Traffic Optimization (ALTO) Transport Information Publication Service (TIPS)" => "https://www.rfc-editor.org/rfc/rfc9569.txt",
                     "RFC 9624: EVPN Broadcast, Unknown Unicast, or Multicast (BUM) Using Bit Index Explicit Replication (BIER)" => "https://www.rfc-editor.org/rfc/rfc9624.txt",
                                                             "RFC 9625: EVPN Optimized Inter-Subnet Multicast (OISM) Forwarding" => "https://www.rfc-editor.org/rfc/rfc9625.txt",
                "RFC 9600: TRansparent Interconnection of Lots of Links (TRILL): Explicit Congestion Notification (ECN) Support" => "https://www.rfc-editor.org/rfc/rfc9600.txt",
                           "RFC 9601: Propagating Explicit Congestion Notification across IP Tunnel Headers Separated by a Shim" => "https://www.rfc-editor.org/rfc/rfc9601.txt",
                                      "RFC 9599: Guidelines for Adding Congestion Notification to Protocols that Encapsulate IP" => "https://www.rfc-editor.org/rfc/rfc9599.txt",
                                                                                  "RFC 9618: Updates to X.509 Policy Validation" => "https://www.rfc-editor.org/rfc/rfc9618.txt",
                                      "RFC 9588: Kerberos Simple Password-Authenticated Key Exchange (SPAKE) Pre-authentication" => "https://www.rfc-editor.org/rfc/rfc9588.txt",
                                    "RFC 9617: A YANG Data Model for In Situ Operations, Administration, and Maintenance (IOAM)" => "https://www.rfc-editor.org/rfc/rfc9617.txt",
                                     "RFC 9605: Secure Frame (SFrame): Lightweight Authenticated Encryption for Real-Time Media" => "https://www.rfc-editor.org/rfc/rfc9605.txt",
                        "RFC 9630: Multicast On-Path Telemetry Using In Situ Operations, Administration, and Maintenance (IOAM)" => "https://www.rfc-editor.org/rfc/rfc9630.txt",
                                                                              "RFC 9637: Expanding the IPv6 Documentation Space" => "https://www.rfc-editor.org/rfc/rfc9637.txt"
}