{
                                                            "RFC 9706: TreeDN: Tree-Based Content Delivery Network (CDN) for Live Streaming to Mass Audiences" => "https://www.rfc-editor.org/rfc/rfc9706.txt",
                                                                                              "RFC 9693: Benchmarking Methodology for Stateful NATxy Gateways" => "https://www.rfc-editor.org/rfc/rfc9693.txt",
                                                               "RFC 9702: YANG Data Model for Maximum Segment Identifier (SID) Depth (MSD) Types and MPLS MSD" => "https://www.rfc-editor.org/rfc/rfc9702.txt",
                                                       "RFC 9709: Encryption Key Derivation in the Cryptographic Message Syntax (CMS) Using HKDF with SHA-256" => "https://www.rfc-editor.org/rfc/rfc9709.txt",
                                                       "RFC 9708: Use of the HSS/LMS Hash-Based Signature Algorithm in the Cryptographic Message Syntax (CMS)" => "https://www.rfc-editor.org/rfc/rfc9708.txt",
                                                                     "RFC 9699: Use Case for an Extended Reality Application on Edge Computing Infrastructure" => "https://www.rfc-editor.org/rfc/rfc9699.txt",
  "RFC 9703: Label Switched Path (LSP) Ping/Traceroute for Segment Routing (SR) Egress Peer Engineering (EPE) Segment Identifiers (SIDs) with MPLS Data Plane" => "https://www.rfc-editor.org/rfc/rfc9703.txt",
                                                                   "RFC 9672: Transferring Opportunistic Wireless Encryption to the IEEE 802.11 Working Group" => "https://www.rfc-editor.org/rfc/rfc9672.txt",
                                                                                          "RFC 9679: CBOR Object Signing and Encryption (COSE) Key Thumbprint" => "https://www.rfc-editor.org/rfc/rfc9679.txt",
                                                                                                                  "RFC 9639: Free Lossless Audio Codec (FLAC)" => "https://www.rfc-editor.org/rfc/rfc9639.txt",
                                                                  "RFC 9691: A Profile for Resource Public Key Infrastructure (RPKI) Trust Anchor Keys (TAKs)" => "https://www.rfc-editor.org/rfc/rfc9691.txt",
                                                                                                "RFC 9610: JSON Meta Application Protocol (JMAP) for Contacts" => "https://www.rfc-editor.org/rfc/rfc9610.txt",
                                                                         "RFC 9697: Detecting RPKI Repository Delta Protocol (RRDP) Session Desynchronization" => "https://www.rfc-editor.org/rfc/rfc9697.txt",
                                                              "RFC 9683: Remote Integrity Verification of Network Devices Containing Trusted Platform Modules" => "https://www.rfc-editor.org/rfc/rfc9683.txt",
                       "RFC 9684: A YANG Data Model for Challenge-Response-Based Remote Attestation (CHARRA) Procedures Using Trusted Platform Modules (TPMs)" => "https://www.rfc-editor.org/rfc/rfc9684.txt"
}