{
                                        "Hypertext Transfer Protocol -- HTTP/1.0" => "https://www.rfc-editor.org/rfc/rfc1945.txt",
  "Applicability of Standards Track MIBs to Management of World Wide Web Servers" => "https://www.rfc-editor.org/rfc/rfc2039.txt",
                                        "Hypertext Transfer Protocol -- HTTP/1.1" => "https://www.rfc-editor.org/rfc/rfc2616.txt",
                            "An Extension to HTTP : Digest Access Authentication" => "https://www.rfc-editor.org/rfc/rfc2069.txt",
                                                "HTTP State Management Mechanism" => "https://www.rfc-editor.org/rfc/rfc2109.txt",
                                 "Use and Interpretation of HTTP Version Numbers" => "https://www.rfc-editor.org/rfc/rfc2145.txt",
                          "A Trivial Convention for using HTTP in URN Resolution" => "https://www.rfc-editor.org/rfc/rfc2169.txt",
                                       "Internet Cache Protocol (ICP), version 2" => "https://www.rfc-editor.org/rfc/rfc2186.txt",
                                "Simple Hit-Metering and Usage-Limiting for HTTP" => "https://www.rfc-editor.org/rfc/rfc2227.txt",
                                        "Transparent Content Negotiation in HTTP" => "https://www.rfc-editor.org/rfc/rfc2295.txt",
                            "HTTP Remote Variant Selection Algorithm -- RVSA/1.0" => "https://www.rfc-editor.org/rfc/rfc2296.txt",
                                                 "The Safe Response Header Field" => "https://www.rfc-editor.org/rfc/rfc2310.txt",
                            "HTTP Extensions for Distributed Authoring -- WEBDAV" => "https://www.rfc-editor.org/rfc/rfc2518.txt",
   "Internet X.509 Public Key Infrastructure Operational Protocols: FTP and HTTP" => "https://www.rfc-editor.org/rfc/rfc2585.txt",
                    "HTTP Authentication: Basic and Digest Access Authentication" => "https://www.rfc-editor.org/rfc/rfc2617.txt",
                                         "The Secure HyperText Transfer Protocol" => "https://www.rfc-editor.org/rfc/rfc2660.txt",
                                         "Hyper Text Caching Protocol (HTCP/0.0)" => "https://www.rfc-editor.org/rfc/rfc2756.txt",
                                                    "An HTTP Extension Framework" => "https://www.rfc-editor.org/rfc/rfc2774.txt",
                                               "Upgrading to TLS Within HTTP/1.1" => "https://www.rfc-editor.org/rfc/rfc2817.txt",
                                                                  "HTTP Over TLS" => "https://www.rfc-editor.org/rfc/rfc2818.txt",
                                "Using Digest Authentication as a SASL Mechanism" => "https://www.rfc-editor.org/rfc/rfc2831.txt",
                          "Internet Open Trading Protocol (IOTP) HTTP Supplement" => "https://www.rfc-editor.org/rfc/rfc2935.txt",
                                               "HTTP MIME Type Handler Detection" => "https://www.rfc-editor.org/rfc/rfc2936.txt",
                                                   "Use of HTTP State Management" => "https://www.rfc-editor.org/rfc/rfc2964.txt"
}